Creating particle movie at ../../outputs/model_1_hicks_proton/sim5/particles.mp4
Matplotlib is building the font cache; this may take a moment.
ffmpeg version 8.1 Copyright (c) 2000-2026 the FFmpeg developers
  built with clang version 19.1.7
  configuration: --prefix=/Users/thibaultclavier/.local/share/mamba/envs/warpx --cc=arm64-apple-darwin20.0.0-clang --cxx=arm64-apple-darwin20.0.0-clang++ --nm=arm64-apple-darwin20.0.0-nm --ar=arm64-apple-darwin20.0.0-ar --disable-doc --enable-openssl --enable-demuxer=dash --enable-hardcoded-tables --enable-libfreetype --enable-libharfbuzz --enable-libfontconfig --enable-libopenh264 --enable-libdav1d --enable-cross-compile --arch=arm64 --target-os=darwin --cross-prefix=arm64-apple-darwin20.0.0- --host-cc=/Users/runner/miniforge3/conda-bld/ffmpeg_1777830548886/_build_env/bin/x86_64-apple-darwin13.4.0-clang --enable-neon --disable-gnutls --enable-libvpx --enable-libass --enable-libplacebo --enable-pthreads --enable-libopenvino --enable-gpl --enable-libx264 --enable-libx265 --enable-libmp3lame --enable-libaom --enable-libsvtav1 --enable-libxml2 --enable-pic --enable-shared --disable-static --enable-version3 --enable-zlib --enable-libvorbis --enable-libopus --enable-librsvg --enable-libjxl --enable-libwebp --enable-ffplay --enable-vulkan --enable-libshaderc --pkg-config=/Users/runner/miniforge3/conda-bld/ffmpeg_1777830548886/_build_env/bin/pkg-config
  libavutil      60. 26.100 / 60. 26.100
  libavcodec     62. 28.100 / 62. 28.100
  libavformat    62. 12.100 / 62. 12.100
  libavdevice    62.  3.100 / 62.  3.100
  libavfilter    11. 14.100 / 11. 14.100
  libswscale      9.  5.100 /  9.  5.100
  libswresample   6.  3.100 /  6.  3.100
Input #0, image2, from '../../outputs/model_1_hicks_proton/sim5/particle_movie_frames/particles_%06d.png':
  Duration: 00:00:10.00, start: 0.000000, bitrate: N/A
  Stream #0:0: Video: png, rgba(pc, gbr/unknown/unknown), 960x960 [SAR 6299:6299 DAR 1:1], 12 fps, 12 tbr, 12 tbn
Stream mapping:
  Stream #0:0 -> #0:0 (png (native) -> h264 (libx264))
Press [q] to stop, [?] for help
[libx264 @ 0x129f1fc90] using SAR=1/1
[libx264 @ 0x129f1fc90] using cpu capabilities: ARMv8 NEON
[libx264 @ 0x129f1fc90] profile High, level 3.1, 4:2:0, 8-bit
[libx264 @ 0x129f1fc90] 264 - core 164 r3095 baee400 - H.264/MPEG-4 AVC codec - Copyleft 2003-2022 - http://www.videolan.org/x264.html - options: cabac=1 ref=3 deblock=1:0:0 analyse=0x3:0x113 me=hex subme=7 psy=1 psy_rd=1.00:0.00 mixed_ref=1 me_range=16 chroma_me=1 trellis=1 8x8dct=1 cqm=0 deadzone=21,11 fast_pskip=1 chroma_qp_offset=-2 threads=12 lookahead_threads=2 sliced_threads=0 nr=0 decimate=1 interlaced=0 bluray_compat=0 constrained_intra=0 bframes=3 b_pyramid=2 b_adapt=1 b_bias=0 direct=1 weightb=1 open_gop=0 weightp=2 keyint=250 keyint_min=12 scenecut=40 intra_refresh=0 rc_lookahead=40 rc=crf mbtree=1 crf=23.0 qcomp=0.60 qpmin=0 qpmax=69 qpstep=4 ip_ratio=1.40 aq=1:1.00
Output #0, mp4, to '../../outputs/model_1_hicks_proton/sim5/particles.mp4':
  Metadata:
    encoder         : Lavf62.12.100
  Stream #0:0: Video: h264 (avc1 / 0x31637661), yuv420p(tv, progressive), 960x960 [SAR 1:1 DAR 1:1], q=2-31, 12 fps, 12288 tbn
    Metadata:
      encoder         : Lavc62.28.100 libx264
    Side data:
      CPB properties: bitrate max/min/avg: 0/0/0 buffer size: 0 vbv_delay: N/A
frame=   42 fps=0.0 q=26.0 size=    1792KiB time=00:00:03.33 bitrate=4404.1kbits/s speed=6.59x elapsed=0:00:00.50    [out#0/mp4 @ 0x129f1ea10] video:5621KiB audio:0KiB subtitle:0KiB other streams:0KiB global headers:0KiB muxing overhead: 0.040860%
frame=  120 fps=0.0 q=-1.0 Lsize=    5624KiB time=00:00:09.83 bitrate=4684.9kbits/s speed=11.4x elapsed=0:00:00.86    
[libx264 @ 0x129f1fc90] frame I:1     Avg QP:17.96  size: 78811
[libx264 @ 0x129f1fc90] frame P:30    Avg QP:24.12  size: 50406
[libx264 @ 0x129f1fc90] frame B:89    Avg QP:28.34  size: 46792
[libx264 @ 0x129f1fc90] consecutive B-frames:  0.8%  0.0%  2.5% 96.7%
[libx264 @ 0x129f1fc90] mb I  I16..4: 32.4% 27.8% 39.8%
[libx264 @ 0x129f1fc90] mb P  I16..4:  0.4%  0.8% 12.3%  P16..4:  3.9%  3.3%  8.8%  0.0%  0.0%    skip:70.5%
[libx264 @ 0x129f1fc90] mb B  I16..4:  0.3%  0.2% 11.2%  B16..8:  4.7%  3.3%  9.5%  direct: 0.6%  skip:70.3%  L0:51.3% L1:40.5% BI: 8.3%
[libx264 @ 0x129f1fc90] 8x8 transform intra:4.8% inter:9.4%
[libx264 @ 0x129f1fc90] coded y,uvDC,uvAC intra: 88.2% 90.9% 89.7% inter: 11.5% 12.9% 10.5%
[libx264 @ 0x129f1fc90] i16 v,h,dc,p: 61% 22% 16%  0%
[libx264 @ 0x129f1fc90] i8 v,h,dc,ddl,ddr,vr,hd,vl,hu: 31% 11% 43%  2%  2%  2%  2%  2%  3%
[libx264 @ 0x129f1fc90] i4 v,h,dc,ddl,ddr,vr,hd,vl,hu: 16% 14% 15%  7% 10% 10% 10%  9% 10%
[libx264 @ 0x129f1fc90] i8c dc,h,v,p: 72%  9% 11%  8%
[libx264 @ 0x129f1fc90] Weighted P-Frames: Y:0.0% UV:0.0%
[libx264 @ 0x129f1fc90] ref P L0: 32.4%  6.9% 33.4% 27.3%
[libx264 @ 0x129f1fc90] ref B L0: 59.1% 29.5% 11.4%
[libx264 @ 0x129f1fc90] ref B L1: 80.4% 19.6%
[libx264 @ 0x129f1fc90] kb/s:4604.40
wrote escape summary to ../../outputs/model_1_hicks_proton/sim5/escape_summary.csv
wrote trapped-particle history to ../../outputs/model_1_hicks_proton/sim5/plots/trapped_particles.txt
wrote trapped-particle plot to ../../outputs/model_1_hicks_proton/sim5/plots/trapped_particles.png
wrote frames to ../../outputs/model_1_hicks_proton/sim5/particle_movie_frames
